
> benak-hills-vitrine@0.0.0 build
> tsc -b && vite build

src/components/VillaModels.tsx(4,10): error TS6133: 'Square' is declared but its value is never read.
src/components/VillaModels.tsx(4,30): error TS6133: 'Layout' is declared but its value is never read.
src/components/VillaModels.tsx(4,38): error TS6133: 'Home' is declared but its value is never read.
src/contexts/LanguageContext.tsx(1,47): error TS1484: 'ReactNode' is a type and must be imported using a type-only import when 'verbatimModuleSyntax' is enabled.
